ERROR: 4313 Fichero INCLUDE no encontrado CLIGADATADICTIONARY.DD ON LINE: 12 (37483) OF FILE: C:\DataFlex Projects\FutbolWebApp2\AppSrc\SelectEntrenador.wo
ERROR: 4313 Fichero INCLUDE no encontrado CEQUIPODATADICTIONARY.DD ON LINE: 13 (37483) OF FILE: C:\DataFlex Projects\FutbolWebApp2\AppSrc\SelectEntrenador.wo
ERROR: 4313 Fichero INCLUDE no encontrado CENTRENADORDATADICTIONARY.DD ON LINE: 14 (37483) OF FILE: C:\DataFlex Projects\FutbolWebApp2\AppSrc\SelectEntrenador.wo
ERROR: 4345 Error de comprobación de tipo U_CLIGADATADICTIONARY, MUST BE DEFINED ON LINE: 24 (37491) OF FILE: C:\DataFlex Projects\FutbolWebApp2\AppSrc\SelectEntrenador.wo
ERROR: 4328 Simbolo no definido en argumento U_CLIGADATADICTIONARY ON LINE: 24 (37491) OF FILE: C:\DataFlex Projects\FutbolWebApp2\AppSrc\SelectEntrenador.wo
ERROR: 4345 Error de comprobación de tipo U_CEQUIPODATADICTIONARY, MUST BE DEFINED ON LINE: 27 (37494) OF FILE: C:\DataFlex Projects\FutbolWebApp2\AppSrc\SelectEntrenador.wo
ERROR: 4328 Simbolo no definido en argumento U_CEQUIPODATADICTIONARY ON LINE: 27 (37494) OF FILE: C:\DataFlex Projects\FutbolWebApp2\AppSrc\SelectEntrenador.wo
ERROR: 4345 Error de comprobación de tipo U_CENTRENADORDATADICTIONARY, MUST BE DEFINED ON LINE: 31 (37498) OF FILE: C:\DataFlex Projects\FutbolWebApp2\AppSrc\SelectEntrenador.wo
ERROR: 4328 Simbolo no definido en argumento U_CENTRENADORDATADICTIONARY ON LINE: 31 (37498) OF FILE: C:\DataFlex Projects\FutbolWebApp2\AppSrc\SelectEntrenador.wo
ERROR: 4313 Fichero INCLUDE no encontrado CJUGADORDATADICTIONARY.DD ON LINE: 14 (37636) OF FILE: C:\DataFlex Projects\FutbolWebApp2\AppSrc\SelectJugador.wo
ERROR: 4345 Error de comprobación de tipo U_CLIGADATADICTIONARY, MUST BE DEFINED ON LINE: 24 (37644) OF FILE: C:\DataFlex Projects\FutbolWebApp2\AppSrc\SelectJugador.wo
ERROR: 4328 Simbolo no definido en argumento U_CLIGADATADICTIONARY ON LINE: 24 (37644) OF FILE: C:\DataFlex Projects\FutbolWebApp2\AppSrc\SelectJugador.wo
ERROR: 4345 Error de comprobación de tipo U_CEQUIPODATADICTIONARY, MUST BE DEFINED ON LINE: 27 (37647) OF FILE: C:\DataFlex Projects\FutbolWebApp2\AppSrc\SelectJugador.wo
ERROR: 4328 Simbolo no definido en argumento U_CEQUIPODATADICTIONARY ON LINE: 27 (37647) OF FILE: C:\DataFlex Projects\FutbolWebApp2\AppSrc\SelectJugador.wo
ERROR: 4345 Error de comprobación de tipo U_CJUGADORDATADICTIONARY, MUST BE DEFINED ON LINE: 31 (37651) OF FILE: C:\DataFlex Projects\FutbolWebApp2\AppSrc\SelectJugador.wo
ERROR: 4328 Simbolo no definido en argumento U_CJUGADORDATADICTIONARY ON LINE: 31 (37651) OF FILE: C:\DataFlex Projects\FutbolWebApp2\AppSrc\SelectJugador.wo
ERROR: 4313 Fichero INCLUDE no encontrado CPOSICIONDATADICTIONARY.DD ON LINE: 12 (37783) OF FILE: C:\DataFlex Projects\FutbolWebApp2\AppSrc\SelectPosicion.wo
ERROR: 4345 Error de comprobación de tipo U_CPOSICIONDATADICTIONARY, MUST BE DEFINED ON LINE: 22 (37791) OF FILE: C:\DataFlex Projects\FutbolWebApp2\AppSrc\SelectPosicion.wo
ERROR: 4328 Simbolo no definido en argumento U_CPOSICIONDATADICTIONARY ON LINE: 22 (37791) OF FILE: C:\DataFlex Projects\FutbolWebApp2\AppSrc\SelectPosicion.wo
ERROR: 4345 Error de comprobación de tipo U_CLIGADATADICTIONARY, MUST BE DEFINED ON LINE: 23 (37912) OF FILE: C:\DataFlex Projects\FutbolWebApp2\AppSrc\SelectEquipo.wo
ERROR: 4328 Simbolo no definido en argumento U_CLIGADATADICTIONARY ON LINE: 23 (37912) OF FILE: C:\DataFlex Projects\FutbolWebApp2\AppSrc\SelectEquipo.wo
ERROR: 4345 Error de comprobación de tipo U_CEQUIPODATADICTIONARY, MUST BE DEFINED ON LINE: 26 (37915) OF FILE: C:\DataFlex Projects\FutbolWebApp2\AppSrc\SelectEquipo.wo
ERROR: 4328 Simbolo no definido en argumento U_CEQUIPODATADICTIONARY ON LINE: 26 (37915) OF FILE: C:\DataFlex Projects\FutbolWebApp2\AppSrc\SelectEquipo.wo
ERROR: 4345 Error de comprobación de tipo U_CLIGADATADICTIONARY, MUST BE DEFINED ON LINE: 22 (38043) OF FILE: C:\DataFlex Projects\FutbolWebApp2\AppSrc\SelectLiga.wo
ERROR: 4328 Simbolo no definido en argumento U_CLIGADATADICTIONARY ON LINE: 22 (38043) OF FILE: C:\DataFlex Projects\FutbolWebApp2\AppSrc\SelectLiga.wo
ERROR: 4345 Error de comprobación de tipo U_CLIGADATADICTIONARY, MUST BE DEFINED ON LINE: 24 (38183) OF FILE: C:\DataFlex Projects\FutbolWebApp2\AppSrc\ZoomEntrenador.wo
ERROR: 4328 Simbolo no definido en argumento U_CLIGADATADICTIONARY ON LINE: 24 (38183) OF FILE: C:\DataFlex Projects\FutbolWebApp2\AppSrc\ZoomEntrenador.wo
ERROR: 4345 Error de comprobación de tipo U_CEQUIPODATADICTIONARY, MUST BE DEFINED ON LINE: 27 (38186) OF FILE: C:\DataFlex Projects\FutbolWebApp2\AppSrc\ZoomEntrenador.wo
ERROR: 4328 Simbolo no definido en argumento U_CEQUIPODATADICTIONARY ON LINE: 27 (38186) OF FILE: C:\DataFlex Projects\FutbolWebApp2\AppSrc\ZoomEntrenador.wo
ERROR: 4345 Error de comprobación de tipo U_CENTRENADORDATADICTIONARY, MUST BE DEFINED ON LINE: 31 (38190) OF FILE: C:\DataFlex Projects\FutbolWebApp2\AppSrc\ZoomEntrenador.wo
ERROR: 4328 Simbolo no definido en argumento U_CENTRENADORDATADICTIONARY ON LINE: 31 (38190) OF FILE: C:\DataFlex Projects\FutbolWebApp2\AppSrc\ZoomEntrenador.wo
ERROR: 4345 Error de comprobación de tipo U_CLIGADATADICTIONARY, MUST BE DEFINED ON LINE: 24 (38339) OF FILE: C:\DataFlex Projects\FutbolWebApp2\AppSrc\ZoomJugador.wo
ERROR: 4328 Simbolo no definido en argumento U_CLIGADATADICTIONARY ON LINE: 24 (38339) OF FILE: C:\DataFlex Projects\FutbolWebApp2\AppSrc\ZoomJugador.wo
ERROR: 4345 Error de comprobación de tipo U_CEQUIPODATADICTIONARY, MUST BE DEFINED ON LINE: 27 (38342) OF FILE: C:\DataFlex Projects\FutbolWebApp2\AppSrc\ZoomJugador.wo
ERROR: 4328 Simbolo no definido en argumento U_CEQUIPODATADICTIONARY ON LINE: 27 (38342) OF FILE: C:\DataFlex Projects\FutbolWebApp2\AppSrc\ZoomJugador.wo
ERROR: 4345 Error de comprobación de tipo U_CJUGADORDATADICTIONARY, MUST BE DEFINED ON LINE: 31 (38346) OF FILE: C:\DataFlex Projects\FutbolWebApp2\AppSrc\ZoomJugador.wo
ERROR: 4328 Simbolo no definido en argumento U_CJUGADORDATADICTIONARY ON LINE: 31 (38346) OF FILE: C:\DataFlex Projects\FutbolWebApp2\AppSrc\ZoomJugador.wo
ERROR: 4345 Error de comprobación de tipo U_CPOSICIONDATADICTIONARY, MUST BE DEFINED ON LINE: 22 (38495) OF FILE: C:\DataFlex Projects\FutbolWebApp2\AppSrc\ZoomPosicion.wo
ERROR: 4328 Simbolo no definido en argumento U_CPOSICIONDATADICTIONARY ON LINE: 22 (38495) OF FILE: C:\DataFlex Projects\FutbolWebApp2\AppSrc\ZoomPosicion.wo
ERROR: 4345 Error de comprobación de tipo U_CLIGADATADICTIONARY, MUST BE DEFINED ON LINE: 23 (38613) OF FILE: C:\DataFlex Projects\FutbolWebApp2\AppSrc\ZoomEquipo.wo
ERROR: 4328 Simbolo no definido en argumento U_CLIGADATADICTIONARY ON LINE: 23 (38613) OF FILE: C:\DataFlex Projects\FutbolWebApp2\AppSrc\ZoomEquipo.wo
ERROR: 4345 Error de comprobación de tipo U_CEQUIPODATADICTIONARY, MUST BE DEFINED ON LINE: 26 (38616) OF FILE: C:\DataFlex Projects\FutbolWebApp2\AppSrc\ZoomEquipo.wo
ERROR: 4328 Simbolo no definido en argumento U_CEQUIPODATADICTIONARY ON LINE: 26 (38616) OF FILE: C:\DataFlex Projects\FutbolWebApp2\AppSrc\ZoomEquipo.wo
ERROR: 4345 Error de comprobación de tipo U_CLIGADATADICTIONARY, MUST BE DEFINED ON LINE: 22 (38749) OF FILE: C:\DataFlex Projects\FutbolWebApp2\AppSrc\ZoomLiga.wo
ERROR: 4328 Simbolo no definido en argumento U_CLIGADATADICTIONARY ON LINE: 22 (38749) OF FILE: C:\DataFlex Projects\FutbolWebApp2\AppSrc\ZoomLiga.wo
